[debug] [2026-08-06T14:53:14.312Z] ----------------------------------------------------------------------
[debug] [2026-08-06T14:53:14.313Z] Command:       C:\Program Files\nodejs\node.exe C:\Users\isaac\AppData\Roaming\npm\node_modules\firebase-tools\lib\bin\firebase.js init hosting
[debug] [2026-08-06T14:53:14.313Z] CLI Version:   15.22.3
[debug] [2026-08-06T14:53:14.314Z] Platform:      win32
[debug] [2026-08-06T14:53:14.314Z] Node Version:  v24.18.0
[debug] [2026-08-06T14:53:14.314Z] Detected Agent: unknown
[debug] [2026-08-06T14:53:14.314Z] Time:          Thu Aug 06 2026 11:53:14 GMT-0300 (Horário Padrão de Brasília)
[debug] [2026-08-06T14:53:14.314Z] ----------------------------------------------------------------------
[debug] 
[info] 
     ######## #### ########  ######## ########     ###     ######  ########
     ##        ##  ##     ## ##       ##     ##  ##   ##  ##       ##
     ######    ##  ########  ######   ########  #########  ######  ######
     ##        ##  ##    ##  ##       ##     ## ##     ##       ## ##
     ##       #### ##     ## ######## ########  ##     ##  ######  ########

You're about to initialize a Firebase project in this directory:

  C:\Users\isaac\OneDrive\Documentos\site da igreja

[info] 
=== Project Setup
[info] 
[info] First, let's associate this project directory with a Firebase project.
[info] You can create multiple project aliases by running firebase use --add, 
[info] 
[debug] [2026-08-06T14:53:18.848Z] > command requires scopes: ["email","openid","https://www.googleapis.com/auth/cloudplatformprojects.readonly","https://www.googleapis.com/auth/firebase","https://www.googleapis.com/auth/cloud-platform"]
[debug] [2026-08-06T14:53:18.848Z] > authorizing via signed-in user (isaac.rodmed@gmail.com)
[debug] [2026-08-06T14:53:18.849Z] Checked if tokens are valid: false, expires at: 1785465180078
[debug] [2026-08-06T14:53:18.850Z] Checked if tokens are valid: false, expires at: 1785465180078
[debug] [2026-08-06T14:53:18.850Z] > refreshing access token with scopes: []
[debug] [2026-08-06T14:53:18.851Z] >>> [apiv2][query] POST https://www.googleapis.com/oauth2/v3/token [none]
[debug] [2026-08-06T14:53:18.851Z] >>> [apiv2][body] POST https://www.googleapis.com/oauth2/v3/token [omitted]
[debug] [2026-08-06T14:53:19.171Z] <<< [apiv2][status] POST https://www.googleapis.com/oauth2/v3/token 200
[debug] [2026-08-06T14:53:19.171Z] <<< [apiv2][body] POST https://www.googleapis.com/oauth2/v3/token [omitted]
[debug] [2026-08-06T14:53:19.178Z] >>> [apiv2][query] GET https://firebase.googleapis.com/v1beta1/projects/igreja-batista-getsemani-1ddd7 [none]
[debug] [2026-08-06T14:53:19.812Z] <<< [apiv2][status] GET https://firebase.googleapis.com/v1beta1/projects/igreja-batista-getsemani-1ddd7 200
[debug] [2026-08-06T14:53:19.812Z] <<< [apiv2][body] GET https://firebase.googleapis.com/v1beta1/projects/igreja-batista-getsemani-1ddd7 {"projectId":"igreja-batista-getsemani-1ddd7","projectNumber":"546842958104","displayName":"Igreja Batista Getsemani ","name":"projects/igreja-batista-getsemani-1ddd7","resources":{"hostingSite":"igreja-batista-getsemani-1ddd7"},"state":"ACTIVE","labels":{"firebase":"enabled"},"etag":"1_1f8537eb-31da-46b1-820f-bea87002f2eb"}
[info] i  Using project igreja-batista-getsemani-1ddd7 (Igreja Batista Getsemani ) . 
[info] 
=== Hosting Setup
[debug] [2026-08-06T14:53:19.822Z] Checked if tokens are valid: true, expires at: 1786031598171
[debug] [2026-08-06T14:53:19.822Z] Checked if tokens are valid: true, expires at: 1786031598171
[debug] [2026-08-06T14:53:19.822Z] >>> [apiv2][query] GET https://firebase.googleapis.com/v1beta1/projects/igreja-batista-getsemani-1ddd7 [none]
[debug] [2026-08-06T14:53:20.251Z] <<< [apiv2][status] GET https://firebase.googleapis.com/v1beta1/projects/igreja-batista-getsemani-1ddd7 200
[debug] [2026-08-06T14:53:20.251Z] <<< [apiv2][body] GET https://firebase.googleapis.com/v1beta1/projects/igreja-batista-getsemani-1ddd7 {"projectId":"igreja-batista-getsemani-1ddd7","projectNumber":"546842958104","displayName":"Igreja Batista Getsemani ","name":"projects/igreja-batista-getsemani-1ddd7","resources":{"hostingSite":"igreja-batista-getsemani-1ddd7"},"state":"ACTIVE","labels":{"firebase":"enabled"},"etag":"1_1f8537eb-31da-46b1-820f-bea87002f2eb"}
[info] 
[info] Your public directory is the folder (relative to your project directory) that
[info] will contain Hosting assets to be uploaded with firebase deploy. If you
[info] have a build process for your assets, use your build's output directory.
[info] 
[info] 
[info] i  Detected a .git folder at C:\Users\isaac\OneDrive\Documentos\site da igreja 
[info] i  Authorizing with GitHub to upload your service account to a GitHub repository's secrets store. 
[info] 
[info] Visit this URL on this device to log in:
[info] https://github.com/login/oauth/authorize?client_id=89cf50f02ac6aaed3484&state=1072004257&redirect_uri=http%3A%2F%2Flocalhost%3A9005&scope=read%3Auser%20repo%20public_repo
[info] 
[info] Waiting for authentication...
[debug] [2026-08-06T14:55:51.071Z] >>> [apiv2][query] POST https://github.com/login/oauth/access_token [none]
[debug] [2026-08-06T14:55:51.071Z] >>> [apiv2][body] POST https://github.com/login/oauth/access_token [stream]
[debug] [2026-08-06T14:55:51.482Z] <<< [apiv2][status] POST https://github.com/login/oauth/access_token 200
[debug] [2026-08-06T14:55:51.483Z] <<< [apiv2][body] POST https://github.com/login/oauth/access_token {"access_token":"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","token_type":"bearer","scope":"read:user,repo"}
[debug] [2026-08-06T14:55:51.488Z] >>> [apiv2][query] GET https://api.github.com/user [none]
[debug] [2026-08-06T14:55:51.898Z] <<< [apiv2][status] GET https://api.github.com/user 200
[debug] [2026-08-06T14:55:51.898Z] <<< [apiv2][body] GET https://api.github.com/user {"login":"isaac-gesiman","id":187703262,"node_id":"U_kgDOCzAf3g","avatar_url":"https://avatars.githubusercontent.com/u/187703262?v=4","gravatar_id":"","url":"https://api.github.com/users/isaac-gesiman","html_url":"https://github.com/isaac-gesiman","followers_url":"https://api.github.com/users/isaac-gesiman/followers","following_url":"https://api.github.com/users/isaac-gesiman/following{/other_user}","gists_url":"https://api.github.com/users/isaac-gesiman/gists{/gist_id}","starred_url":"https://api.github.com/users/isaac-gesiman/starred{/owner}{/repo}","subscriptions_url":"https://api.github.com/users/isaac-gesiman/subscriptions","organizations_url":"https://api.github.com/users/isaac-gesiman/orgs","repos_url":"https://api.github.com/users/isaac-gesiman/repos","events_url":"https://api.github.com/users/isaac-gesiman/events{/privacy}","received_events_url":"https://api.github.com/users/isaac-gesiman/received_events","type":"User","user_view_type":"private","site_admin":false,"name":null,"company":null,"blog":"","location":null,"email":null,"hireable":null,"bio":null,"twitter_username":null,"notification_email":null,"public_repos":3,"public_gists":0,"followers":0,"following":0,"created_at":"2024-11-07T22:55:40Z","updated_at":"2026-07-24T13:06:17Z","private_gists":0,"total_private_repos":0,"owned_private_repos":0,"disk_usage":102693,"collaborators":0,"two_factor_authentication":false,"plan":{"name":"free","space":976562499,"collaborators":0,"private_repos":10000}}
[info] 
[info] +  Success! Logged into GitHub as isaac-gesiman 
[info] 
[debug] [2026-08-06T14:56:08.556Z] ExitPromptError: User force closed the prompt with SIGINT
    at Interface.sigint (C:\Users\isaac\AppData\Roaming\npm\node_modules\firebase-tools\node_modules\@inquirer\core\dist\commonjs\lib\create-prompt.js:101:37)
    at Interface.emit (node:events:509:28)
    at [_ttyWrite] [as _ttyWrite] (node:internal/readline/interface:1327:18)
    at ReadStream.onkeypress (node:internal/readline/interface:284:20)
    at ReadStream.emit (node:events:521:24)
    at emitKeys (node:internal/readline/utils:371:14)
    at emitKeys.next (<anonymous>)
    at ReadStream.onData (node:internal/readline/emitKeypressEvents:64:36)
    at ReadStream.emit (node:events:509:28)
    at addChunk (node:internal/streams/readable:563:12)
[error] 
[error] Error: An unexpected error has occurred.
